Line:{"created_at":"Fri Nov 25 09:57:10 +0000 2016","id":802088732878745600,"id_str":"802088732878745600","text":"@susuoshi \n\u304a\u30c8\u30a4\u30ec\u3068\u304a\u7236\u3055\u3093\u306e\u80f8\u306e\u4e2d\u3060\u3051\u3084\u3067","display_text_range":[11,28],"source":"\u003ca href=\"http:\/\/twitter.com\/download\/iphone\" rel=\"nofollow\"\u003eTwitter for iPhone\u003c\/a\u003e","truncated":false,"in_reply_to_status_id":802088576993239040,"in_reply_to_status_id_str":"802088576993239040","in_reply_to_user_id":749828549289185281,"in_reply_to_user_id_str":"749828549289185281","in_reply_to_screen_name":"susuoshi","user":{"id":753590182381690880,"id_str":"753590182381690880","name":"\u7d05\u8449@\u53d7\u9a13\u751f(\u4eee)","screen_name":"777sistersy","location":"\u65e5\u672c","url":null,"description":"\u30ca\u30ca\u30b7\u30b9in\u7387\u9ad8\u3081\u3001\u81fc\u7530&\u30d5\u30a1\u30fc\u30d6\u63a8\u3057 \u30bf\u30e1\u3067\u3044\u3044\u306e\u3067\u6c17\u8efd\u306b\u7d61\u3093\u3067\u304f\u3060\u3055\u3044(\uff61 \uff70`\u03c9\uff70\u00b4) \uff77\uff97\uff9d\u2606 2nd\u591c\u6700\u9ad8\u3060\u3063\u305f","protected":false,"verified":false,"followers_count":336,"friends_count":292,"listed_count":9,"favourites_count":676,"statuses_count":3558,"created_at":"Thu Jul 14 14:01:15 +0000 2016","utc_offset":null,"time_zone":null,"geo_enabled":false,"lang":"ja","contributors_enabled":false,"is_translator":false,"profile_background_color":"F5F8FA","profile_background_image_url":"","profile_background_image_url_https":"","profile_background_tile":false,"profile_link_color":"1DA1F2","profile_sidebar_border_color":"C0DEED","profile_sidebar_fill_color":"DDEEF6","profile_text_color":"333333","profile_use_background_image":true,"profile_image_url":"http:\/\/pbs.twimg.com\/profile_images\/796283817015185409\/qiAde6oD_normal.jpg","profile_image_url_https":"https:\/\/pbs.twimg.com\/profile_images\/796283817015185409\/qiAde6oD_normal.jpg","profile_banner_url":"https:\/\/pbs.twimg.com\/profile_banners\/753590182381690880\/1478762088","default_profile":true,"default_profile_image":false,"following":null,"follow_request_sent":null,"notifications":null},"geo":null,"coordinates":null,"place":null,"contributors":null,"is_quote_status":false,"retweet_count":0,"favorite_count":0,"entities":{"hashtags":[],"urls":[],"user_mentions":[{"screen_name":"susuoshi","name":"\u3072\u3057\u3083\u307e\u308b\u30fb\u7d17\u7460\u30fb\u30b9\u30fc\u30b9LiSA27\u53c2\u6226","id":749828549289185281,"id_str":"749828549289185281","indices":[0,9]}],"symbols":[]},"favorited":false,"retweeted":false,"filter_level":"low","lang":"ja","timestamp_ms":"1480067830663"} in E:\Project\2016\archiveteam-twitter-stream-2016-11\11\25\02\57.json.bz2
